22:31:45 **** Build of project xadc_eval_design_bsp ****
make -k all 
libgen -hw ../xadc_eval_design_zc702/system.xml\
       \
       -pe ps7_cortexa9_0 \
       -log libgen.log \
       system.mss
libgen
Xilinx EDK 14.5 Build EDK_P.58f
Copyright (c) 1995-2012 Xilinx, Inc.  All rights reserved.

Command Line: libgen -hw ../xadc_eval_design_zc702/system.xml -pe ps7_cortexa9_0
-log libgen.log system.mss 


Staging source files.
Running DRCs.
Running generate.
Running post_generate.
Running include - 'gmake -s include "COMPILER=arm-xilinx-eabi-gcc"
"ARCHIVER=arm-xilinx-eabi-ar" "COMPILER_FLAGS= -O2 -c"
"EXTRA_COMPILER_FLAGS=-g"'.

Running libs - 'gmake -s libs "COMPILER=arm-xilinx-eabi-gcc"
"ARCHIVER=arm-xilinx-eabi-ar" "COMPILER_FLAGS= -O2 -c"
"EXTRA_COMPILER_FLAGS=-g"'.
Compiling common
arm-xilinx-eabi-ar: creating ../../../lib/libxil.a
Compiling xadc
Compiling standalone
Compiling bram
Compiling spi
Compiling sysmon
Compiling devcfg
Compiling dmaps
Compiling iicps
Compiling scugic
Compiling scutimer
Compiling scuwdt
Compiling uartps
Compiling cpu_cortexa9
Running execs_generate.
Finished building libraries

**** Build of configuration Debug for project xadc_eval_design ****

Nothing to build for project xadc_eval_design
22:33:22 **** Auto Build of configuration Release for project xadc_eval_design ****
make all 
Building file: ../src/pmbus_iic.c
Invoking: ARM gcc compiler
arm-xilinx-eabi-gcc -Wall -O3 -c -fmessage-length=0 -I../../xadc_eval_design_bsp/ps7_cortexa9_0/include -MMD -MP -MF"src/pmbus_iic.d" -MT"src/pmbus_iic.d" -o "src/pmbus_iic.o" "../src/pmbus_iic.c"
In file included from ../src/pmbus_iic.c:54:0:
../src/pmbus_iic.h:61:21: fatal error: xgpiops.h: No such file or directory
compilation terminated.
make: *** [src/pmbus_iic.o] Error 1
23:11:45 **** Auto Build of project xadc_eval_design_bsp ****
make -k all 
Finished building libraries
23:11:55 **** Clean-only build of project xadc_eval_design_bsp ****
make -k clean 
rm -rf ps7_cortexa9_0
23:11:57 **** Clean-only build of configuration Release for project xadc_eval_design ****
make clean 
rm -rf  ./src/pmbus_iic.o ./src/xadc_eval_design.o ./src/xadc_interface.o  ./src/pmbus_iic.d ./src/xadc_eval_design.d ./src/xadc_interface.d  xadc_eval_design.elf.size  xadc_eval_design.elf
 
23:11:57 **** Build of project xadc_eval_design_bsp ****
make -k all 
libgen -hw ../xadc_eval_design_zc702/system.xml\
       \
       -pe ps7_cortexa9_0 \
       -log libgen.log \
       system.mss
libgen
Xilinx EDK 14.5 Build EDK_P.58f
Copyright (c) 1995-2012 Xilinx, Inc.  All rights reserved.

Command Line: libgen -hw ../xadc_eval_design_zc702/system.xml -pe ps7_cortexa9_0
-log libgen.log system.mss 


Staging source files.
Running DRCs.
Running generate.
Running post_generate.
Running include - 'gmake -s include "COMPILER=arm-xilinx-eabi-gcc"
"ARCHIVER=arm-xilinx-eabi-ar" "COMPILER_FLAGS= -O2 -c"
"EXTRA_COMPILER_FLAGS=-g"'.

Running libs - 'gmake -s libs "COMPILER=arm-xilinx-eabi-gcc"
"ARCHIVER=arm-xilinx-eabi-ar" "COMPILER_FLAGS= -O2 -c"
"EXTRA_COMPILER_FLAGS=-g"'.
Compiling common
arm-xilinx-eabi-ar: creating ../../../lib/libxil.a
Compiling xadc
Compiling standalone
Compiling bram
Compiling spi
Compiling sysmon
Compiling devcfg
Compiling dmaps
Compiling gpiops
Compiling iicps
Compiling scugic
Compiling scutimer
Compiling scuwdt
Compiling uartps
Compiling cpu_cortexa9
Running execs_generate.
Finished building libraries
23:12:27 **** Build of configuration Release for project xadc_eval_design ****
make all 
Building file: ../src/pmbus_iic.c
Invoking: ARM gcc compiler
arm-xilinx-eabi-gcc -Wall -O3 -c -fmessage-length=0 -I../../xadc_eval_design_bsp/ps7_cortexa9_0/include -MMD -MP -MF"src/pmbus_iic.d" -MT"src/pmbus_iic.d" -o "src/pmbus_iic.o" "../src/pmbus_iic.c"
Finished building: ../src/pmbus_iic.c
 
Building file: ../src/xadc_eval_design.c
Invoking: ARM gcc compiler
arm-xilinx-eabi-gcc -Wall -O3 -c -fmessage-length=0 -I../../xadc_eval_design_bsp/ps7_cortexa9_0/include -MMD -MP -MF"src/xadc_eval_design.d" -MT"src/xadc_eval_design.d" -o "src/xadc_eval_design.o" "../src/xadc_eval_design.c"
Finished building: ../src/xadc_eval_design.c
 
Building file: ../src/xadc_interface.c
Invoking: ARM gcc compiler
arm-xilinx-eabi-gcc -Wall -O3 -c -fmessage-length=0 -I../../xadc_eval_design_bsp/ps7_cortexa9_0/include -MMD -MP -MF"src/xadc_interface.d" -MT"src/xadc_interface.d" -o "src/xadc_interface.o" "../src/xadc_interface.c"
../src/xadc_interface.c: In function 'uartControl':
../src/xadc_interface.c:2474:9: warning: variable 'Status' set but not used [-Wunused-but-set-variable]
Finished building: ../src/xadc_interface.c
 
Building target: xadc_eval_design.elf
Invoking: ARM gcc linker
arm-xilinx-eabi-gcc -Wl,-T -Wl,../src/lscript.ld -L../../xadc_eval_design_bsp/ps7_cortexa9_0/lib -o "xadc_eval_design.elf"  ./src/pmbus_iic.o ./src/xadc_eval_design.o ./src/xadc_interface.o   -Wl,--start-group,-lxil,-lgcc,-lc,--end-group
Finished building target: xadc_eval_design.elf
 
Invoking: ARM Print Size
arm-xilinx-eabi-size xadc_eval_design.elf  |tee "xadc_eval_design.elf.size"
   text	   data	    bss	    dec	    hex	filename
  93560	   1232	  30112	 124904	  1e7e8	xadc_eval_design.elf
Finished building: xadc_eval_design.elf.size
 
23:16:17 **** Build of configuration Debug for project zynq_fsbl ****
make all 
Building file: ../src/ddr_init.c
Invoking: ARM gcc compiler
arm-xilinx-eabi-gcc -Wall -O0 -g3 -c -fmessage-length=0 -I../../xadc_eval_design_bsp/ps7_cortexa9_0/include -MMD -MP -MF"src/ddr_init.d" -MT"src/ddr_init.d" -o "src/ddr_init.o" "../src/ddr_init.c"
Finished building: ../src/ddr_init.c
 
Building file: ../src/ff.c
Invoking: ARM gcc compiler
arm-xilinx-eabi-gcc -Wall -O0 -g3 -c -fmessage-length=0 -I../../xadc_eval_design_bsp/ps7_cortexa9_0/include -MMD -MP -MF"src/ff.d" -MT"src/ff.d" -o "src/ff.o" "../src/ff.c"
Finished building: ../src/ff.c
 
Building file: ../src/fsbl_handoff.S
Invoking: ARM gcc compiler
arm-xilinx-eabi-gcc -Wall -O0 -g3 -c -fmessage-length=0 -I../../xadc_eval_design_bsp/ps7_cortexa9_0/include -MMD -MP -MF"src/fsbl_handoff.d" -MT"src/fsbl_handoff.d" -o "src/fsbl_handoff.o" "../src/fsbl_handoff.S"
Finished building: ../src/fsbl_handoff.S
 
Building file: ../src/fsbl_hooks.c
Invoking: ARM gcc compiler
arm-xilinx-eabi-gcc -Wall -O0 -g3 -c -fmessage-length=0 -I../../xadc_eval_design_bsp/ps7_cortexa9_0/include -MMD -MP -MF"src/fsbl_hooks.d" -MT"src/fsbl_hooks.d" -o "src/fsbl_hooks.o" "../src/fsbl_hooks.c"
Finished building: ../src/fsbl_hooks.c
 
Building file: ../src/image_mover.c
Invoking: ARM gcc compiler
arm-xilinx-eabi-gcc -Wall -O0 -g3 -c -fmessage-length=0 -I../../xadc_eval_design_bsp/ps7_cortexa9_0/include -MMD -MP -MF"src/image_mover.d" -MT"src/image_mover.d" -o "src/image_mover.o" "../src/image_mover.c"
Finished building: ../src/image_mover.c
 
Building file: ../src/main.c
Invoking: ARM gcc compiler
arm-xilinx-eabi-gcc -Wall -O0 -g3 -c -fmessage-length=0 -I../../xadc_eval_design_bsp/ps7_cortexa9_0/include -MMD -MP -MF"src/main.d" -MT"src/main.d" -o "src/main.o" "../src/main.c"
Finished building: ../src/main.c
 
Building file: ../src/mmc.c
Invoking: ARM gcc compiler
arm-xilinx-eabi-gcc -Wall -O0 -g3 -c -fmessage-length=0 -I../../xadc_eval_design_bsp/ps7_cortexa9_0/include -MMD -MP -MF"src/mmc.d" -MT"src/mmc.d" -o "src/mmc.o" "../src/mmc.c"
Finished building: ../src/mmc.c
 
Building file: ../src/nand.c
Invoking: ARM gcc compiler
arm-xilinx-eabi-gcc -Wall -O0 -g3 -c -fmessage-length=0 -I../../xadc_eval_design_bsp/ps7_cortexa9_0/include -MMD -MP -MF"src/nand.d" -MT"src/nand.d" -o "src/nand.o" "../src/nand.c"
Finished building: ../src/nand.c
 
Building file: ../src/nor.c
Invoking: ARM gcc compiler
arm-xilinx-eabi-gcc -Wall -O0 -g3 -c -fmessage-length=0 -I../../xadc_eval_design_bsp/ps7_cortexa9_0/include -MMD -MP -MF"src/nor.d" -MT"src/nor.d" -o "src/nor.o" "../src/nor.c"
Finished building: ../src/nor.c
 
Building file: ../src/pcap.c
Invoking: ARM gcc compiler
arm-xilinx-eabi-gcc -Wall -O0 -g3 -c -fmessage-length=0 -I../../xadc_eval_design_bsp/ps7_cortexa9_0/include -MMD -MP -MF"src/pcap.d" -MT"src/pcap.d" -o "src/pcap.o" "../src/pcap.c"
Finished building: ../src/pcap.c
 
Building file: ../src/ps7_init.c
Invoking: ARM gcc compiler
arm-xilinx-eabi-gcc -Wall -O0 -g3 -c -fmessage-length=0 -I../../xadc_eval_design_bsp/ps7_cortexa9_0/include -MMD -MP -MF"src/ps7_init.d" -MT"src/ps7_init.d" -o "src/ps7_init.o" "../src/ps7_init.c"
Finished building: ../src/ps7_init.c
 
Building file: ../src/qspi.c
Invoking: ARM gcc compiler
arm-xilinx-eabi-gcc -Wall -O0 -g3 -c -fmessage-length=0 -I../../xadc_eval_design_bsp/ps7_cortexa9_0/include -MMD -MP -MF"src/qspi.d" -MT"src/qspi.d" -o "src/qspi.o" "../src/qspi.c"
Finished building: ../src/qspi.c
 
Building file: ../src/rsa.c
Invoking: ARM gcc compiler
arm-xilinx-eabi-gcc -Wall -O0 -g3 -c -fmessage-length=0 -I../../xadc_eval_design_bsp/ps7_cortexa9_0/include -MMD -MP -MF"src/rsa.d" -MT"src/rsa.d" -o "src/rsa.o" "../src/rsa.c"
Finished building: ../src/rsa.c
 
Building file: ../src/sd.c
Invoking: ARM gcc compiler
arm-xilinx-eabi-gcc -Wall -O0 -g3 -c -fmessage-length=0 -I../../xadc_eval_design_bsp/ps7_cortexa9_0/include -MMD -MP -MF"src/sd.d" -MT"src/sd.d" -o "src/sd.o" "../src/sd.c"
Finished building: ../src/sd.c
 
Building target: zynq_fsbl.elf
Invoking: ARM gcc linker
arm-xilinx-eabi-gcc -L"/proj/xhd_vse_com/users/mrinals/Project/Tasks/xadc_tdp/test/2013.3/xadc_eval_design_zc702_v1_4/software/zynq_fsbl/src" -Wl,-T -Wl,../src/lscript.ld -L../../xadc_eval_design_bsp/ps7_cortexa9_0/lib -o "zynq_fsbl.elf"  ./src/ddr_init.o ./src/ff.o ./src/fsbl_handoff.o ./src/fsbl_hooks.o ./src/image_mover.o ./src/main.o ./src/mmc.o ./src/nand.o ./src/nor.o ./src/pcap.o ./src/ps7_init.o ./src/qspi.o ./src/rsa.o ./src/sd.o   -lrsa -Wl,--start-group,-lxil,-lgcc,-lc,--end-group
Finished building target: zynq_fsbl.elf
 
Invoking: ARM Print Size
arm-xilinx-eabi-size zynq_fsbl.elf  |tee "zynq_fsbl.elf.size"
   text	   data	    bss	    dec	    hex	filename
  49804	  11400	  64160	 125364	  1e9b4	zynq_fsbl.elf
Finished building: zynq_fsbl.elf.size
 
